Archive member included to satisfy reference by file (symbol)

c:/st/stm32cubeide_1.7.0/stm32cubeide/plugins/com.st.stm32cube.ide.mcu.externaltools.gnu-tools-for-stm32.9-2020-q2-update.win32_2.0.0.202105311346/tools/bin/../lib/gcc/arm-none-eabi/9.3.1/../../../../arm-none-eabi/lib/thumb/v7e-m+fp/hard\libc_nano.a(lib_a-errno.o)
                              ./Core/Src/syscalls.o (__errno)
c:/st/stm32cubeide_1.7.0/stm32cubeide/plugins/com.st.stm32cube.ide.mcu.externaltools.gnu-tools-for-stm32.9-2020-q2-update.win32_2.0.0.202105311346/tools/bin/../lib/gcc/arm-none-eabi/9.3.1/../../../../arm-none-eabi/lib/thumb/v7e-m+fp/hard\libc_nano.a(lib_a-exit.o)
                              c:/st/stm32cubeide_1.7.0/stm32cubeide/plugins/com.st.stm32cube.ide.mcu.externaltools.gnu-tools-for-stm32.9-2020-q2-update.win32_2.0.0.202105311346/tools/bin/../lib/gcc/arm-none-eabi/9.3.1/../../../../arm-none-eabi/lib/thumb/v7e-m+fp/hard/crt0.o (exit)
c:/st/stm32cubeide_1.7.0/stm32cubeide/plugins/com.st.stm32cube.ide.mcu.externaltools.gnu-tools-for-stm32.9-2020-q2-update.win32_2.0.0.202105311346/tools/bin/../lib/gcc/arm-none-eabi/9.3.1/../../../../arm-none-eabi/lib/thumb/v7e-m+fp/hard\libc_nano.a(lib_a-impure.o)
                              c:/st/stm32cubeide_1.7.0/stm32cubeide/plugins/com.st.stm32cube.ide.mcu.externaltools.gnu-tools-for-stm32.9-2020-q2-update.win32_2.0.0.202105311346/tools/bin/../lib/gcc/arm-none-eabi/9.3.1/../../../../arm-none-eabi/lib/thumb/v7e-m+fp/hard\libc_nano.a(lib_a-exit.o) (_global_impure_ptr)
c:/st/stm32cubeide_1.7.0/stm32cubeide/plugins/com.st.stm32cube.ide.mcu.externaltools.gnu-tools-for-stm32.9-2020-q2-update.win32_2.0.0.202105311346/tools/bin/../lib/gcc/arm-none-eabi/9.3.1/../../../../arm-none-eabi/lib/thumb/v7e-m+fp/hard\libc_nano.a(lib_a-init.o)
                              c:/st/stm32cubeide_1.7.0/stm32cubeide/plugins/com.st.stm32cube.ide.mcu.externaltools.gnu-tools-for-stm32.9-2020-q2-update.win32_2.0.0.202105311346/tools/bin/../lib/gcc/arm-none-eabi/9.3.1/../../../../arm-none-eabi/lib/thumb/v7e-m+fp/hard/crt0.o (__libc_init_array)
c:/st/stm32cubeide_1.7.0/stm32cubeide/plugins/com.st.stm32cube.ide.mcu.externaltools.gnu-tools-for-stm32.9-2020-q2-update.win32_2.0.0.202105311346/tools/bin/../lib/gcc/arm-none-eabi/9.3.1/../../../../arm-none-eabi/lib/thumb/v7e-m+fp/hard\libc_nano.a(lib_a-memset.o)
                              c:/st/stm32cubeide_1.7.0/stm32cubeide/plugins/com.st.stm32cube.ide.mcu.externaltools.gnu-tools-for-stm32.9-2020-q2-update.win32_2.0.0.202105311346/tools/bin/../lib/gcc/arm-none-eabi/9.3.1/../../../../arm-none-eabi/lib/thumb/v7e-m+fp/hard/crt0.o (memset)
c:/st/stm32cubeide_1.7.0/stm32cubeide/plugins/com.st.stm32cube.ide.mcu.externaltools.gnu-tools-for-stm32.9-2020-q2-update.win32_2.0.0.202105311346/tools/bin/../lib/gcc/arm-none-eabi/9.3.1/thumb/v7e-m+fp/hard\libgcc.a(_aeabi_uldivmod.o)
                              ./Drivers/STM32F4xx_HAL_Driver/Src/stm32f4xx_hal_rcc.o (__aeabi_uldivmod)
c:/st/stm32cubeide_1.7.0/stm32cubeide/plugins/com.st.stm32cube.ide.mcu.externaltools.gnu-tools-for-stm32.9-2020-q2-update.win32_2.0.0.202105311346/tools/bin/../lib/gcc/arm-none-eabi/9.3.1/thumb/v7e-m+fp/hard\libgcc.a(_udivmoddi4.o)
                              c:/st/stm32cubeide_1.7.0/stm32cubeide/plugins/com.st.stm32cube.ide.mcu.externaltools.gnu-tools-for-stm32.9-2020-q2-update.win32_2.0.0.202105311346/tools/bin/../lib/gcc/arm-none-eabi/9.3.1/thumb/v7e-m+fp/hard\libgcc.a(_aeabi_uldivmod.o) (__udivmoddi4)
c:/st/stm32cubeide_1.7.0/stm32cubeide/plugins/com.st.stm32cube.ide.mcu.externaltools.gnu-tools-for-stm32.9-2020-q2-update.win32_2.0.0.202105311346/tools/bin/../lib/gcc/arm-none-eabi/9.3.1/thumb/v7e-m+fp/hard\libgcc.a(_dvmd_tls.o)
                              c:/st/stm32cubeide_1.7.0/stm32cubeide/plugins/com.st.stm32cube.ide.mcu.externaltools.gnu-tools-for-stm32.9-2020-q2-update.win32_2.0.0.202105311346/tools/bin/../lib/gcc/arm-none-eabi/9.3.1/thumb/v7e-m+fp/hard\libgcc.a(_aeabi_uldivmod.o) (__aeabi_ldiv0)

Allocating common symbols
Common symbol       size              file

uwTick              0x4               ./Drivers/STM32F4xx_HAL_Driver/Src/stm32f4xx_hal.o
pFlash              0x20              ./Drivers/STM32F4xx_HAL_Driver/Src/stm32f4xx_hal_flash.o
hspi1               0x58              ./Core/Src/main.o
htim2               0x48              ./Core/Src/main.o

Discarded input sections

 .text          0x0000000000000000        0x0 c:/st/stm32cubeide_1.7.0/stm32cubeide/plugins/com.st.stm32cube.ide.mcu.externaltools.gnu-tools-for-stm32.9-2020-q2-update.win32_2.0.0.202105311346/tools/bin/../lib/gcc/arm-none-eabi/9.3.1/thumb/v7e-m+fp/hard/crti.o
 .data          0x0000000000000000        0x0 c:/st/stm32cubeide_1.7.0/stm32cubeide/plugins/com.st.stm32cube.ide.mcu.externaltools.gnu-tools-for-stm32.9-2020-q2-update.win32_2.0.0.202105311346/tools/bin/../lib/gcc/arm-none-eabi/9.3.1/thumb/v7e-m+fp/hard/crti.o
[...]
Memory Configuration

Name             Origin             Length             Attributes
CCMRAM           0x0000000010000000 0x0000000000010000 xrw
RAM              0x0000000020000000 0x0000000000020000 xrw
FLASH            0x0000000008000000 0x0000000000100000 xr
*default*        0x0000000000000000 0xffffffffffffffff

Linker script and memory map

LOAD c:/st/stm32cubeide_1.7.0/stm32cubeide/plugins/com.st.stm32cube.ide.mcu.externaltools.gnu-tools-for-stm32.9-2020-q2-update.win32_2.0.0.202105311346/tools/bin/../lib/gcc/arm-none-eabi/9.3.1/thumb/v7e-m+fp/hard/crti.o
LOAD c:/st/stm32cubeide_1.7.0/stm32cubeide/plugins/com.st.stm32cube.ide.mcu.externaltools.gnu-tools-for-stm32.9-2020-q2-update.win32_2.0.0.202105311346/tools/bin/../lib/gcc/arm-none-eabi/9.3.1/thumb/v7e-m+fp/hard/crtbegin.o
LOAD c:/st/stm32cubeide_1.7.0/stm32cubeide/plugins/com.st.stm32cube.ide.mcu.externaltools.gnu-tools-for-stm32.9-2020-q2-update.win32_2.0.0.202105311346/tools/bin/../lib/gcc/arm-none-eabi/9.3.1/../../../../arm-none-eabi/lib/thumb/v7e-m+fp/hard/crt0.o
LOAD ./Core/Src/led_7seg.o
LOAD ./Core/Src/main.o
LOAD ./Core/Src/software_timer.o
LOAD ./Core/Src/stm32f4xx_hal_msp.o
LOAD ./Core/Src/stm32f4xx_it.o
LOAD ./Core/Src/syscalls.o
LOAD ./Core/Src/sysmem.o
LOAD ./Core/Src/system_stm32f4xx.o
LOAD ./Core/Startup/startup_stm32f407zgtx.o
LOAD ./Drivers/STM32F4xx_HAL_Driver/Src/stm32f4xx_hal.o
LOAD ./Drivers/STM32F4xx_HAL_Driver/Src/stm32f4xx_hal_cortex.o
LOAD ./Drivers/STM32F4xx_HAL_Driver/Src/stm32f4xx_hal_dma.o
LOAD ./Drivers/STM32F4xx_HAL_Driver/Src/stm32f4xx_hal_dma_ex.o
LOAD ./Drivers/STM32F4xx_HAL_Driver/Src/stm32f4xx_hal_exti.o
LOAD ./Drivers/STM32F4xx_HAL_Driver/Src/stm32f4xx_hal_flash.o
LOAD ./Drivers/STM32F4xx_HAL_Driver/Src/stm32f4xx_hal_flash_ex.o
LOAD ./Drivers/STM32F4xx_HAL_Driver/Src/stm32f4xx_hal_flash_ramfunc.o
LOAD ./Drivers/STM32F4xx_HAL_Driver/Src/stm32f4xx_hal_gpio.o
LOAD ./Drivers/STM32F4xx_HAL_Driver/Src/stm32f4xx_hal_pwr.o
LOAD ./Drivers/STM32F4xx_HAL_Driver/Src/stm32f4xx_hal_pwr_ex.o
LOAD ./Drivers/STM32F4xx_HAL_Driver/Src/stm32f4xx_hal_rcc.o
LOAD ./Drivers/STM32F4xx_HAL_Driver/Src/stm32f4xx_hal_rcc_ex.o
LOAD ./Drivers/STM32F4xx_HAL_Driver/Src/stm32f4xx_hal_spi.o
LOAD ./Drivers/STM32F4xx_HAL_Driver/Src/stm32f4xx_hal_tim.o
LOAD ./Drivers/STM32F4xx_HAL_Driver/Src/stm32f4xx_hal_tim_ex.o
START GROUP
LOAD c:/st/stm32cubeide_1.7.0/stm32cubeide/plugins/com.st.stm32cube.ide.mcu.externaltools.gnu-tools-for-stm32.9-2020-q2-update.win32_2.0.0.202105311346/tools/bin/../lib/gcc/arm-none-eabi/9.3.1/../../../../arm-none-eabi/lib/thumb/v7e-m+fp/hard\libc_nano.a
LOAD c:/st/stm32cubeide_1.7.0/stm32cubeide/plugins/com.st.stm32cube.ide.mcu.externaltools.gnu-tools-for-stm32.9-2020-q2-update.win32_2.0.0.202105311346/tools/bin/../lib/gcc/arm-none-eabi/9.3.1/../../../../arm-none-eabi/lib/thumb/v7e-m+fp/hard\libm.a
END GROUP
START GROUP
LOAD c:/st/stm32cubeide_1.7.0/stm32cubeide/plugins/com.st.stm32cube.ide.mcu.externaltools.gnu-tools-for-stm32.9-2020-q2-update.win32_2.0.0.202105311346/tools/bin/../lib/gcc/arm-none-eabi/9.3.1/thumb/v7e-m+fp/hard\libgcc.a
LOAD c:/st/stm32cubeide_1.7.0/stm32cubeide/plugins/com.st.stm32cube.ide.mcu.externaltools.gnu-tools-for-stm32.9-2020-q2-update.win32_2.0.0.202105311346/tools/bin/../lib/gcc/arm-none-eabi/9.3.1/../../../../arm-none-eabi/lib/thumb/v7e-m+fp/hard\libc_nano.a
END GROUP
START GROUP
LOAD c:/st/stm32cubeide_1.7.0/stm32cubeide/plugins/com.st.stm32cube.ide.mcu.externaltools.gnu-tools-for-stm32.9-2020-q2-update.win32_2.0.0.202105311346/tools/bin/../lib/gcc/arm-none-eabi/9.3.1/thumb/v7e-m+fp/hard\libgcc.a
LOAD c:/st/stm32cubeide_1.7.0/stm32cubeide/plugins/com.st.stm32cube.ide.mcu.externaltools.gnu-tools-for-stm32.9-2020-q2-update.win32_2.0.0.202105311346/tools/bin/../lib/gcc/arm-none-eabi/9.3.1/../../../../arm-none-eabi/lib/thumb/v7e-m+fp/hard\libc_nano.a
LOAD c:/st/stm32cubeide_1.7.0/stm32cubeide/plugins/com.st.stm32cube.ide.mcu.externaltools.gnu-tools-for-stm32.9-2020-q2-update.win32_2.0.0.202105311346/tools/bin/../lib/gcc/arm-none-eabi/9.3.1/../../../../arm-none-eabi/lib/thumb/v7e-m+fp/hard\libnosys.a
END GROUP
START GROUP
LOAD c:/st/stm32cubeide_1.7.0/stm32cubeide/plugins/com.st.stm32cube.ide.mcu.externaltools.gnu-tools-for-stm32.9-2020-q2-update.win32_2.0.0.202105311346/tools/bin/../lib/gcc/arm-none-eabi/9.3.1/thumb/v7e-m+fp/hard\libgcc.a
LOAD c:/st/stm32cubeide_1.7.0/stm32cubeide/plugins/com.st.stm32cube.ide.mcu.externaltools.gnu-tools-for-stm32.9-2020-q2-update.win32_2.0.0.202105311346/tools/bin/../lib/gcc/arm-none-eabi/9.3.1/../../../../arm-none-eabi/lib/thumb/v7e-m+fp/hard\libc_nano.a
LOAD c:/st/stm32cubeide_1.7.0/stm32cubeide/plugins/com.st.stm32cube.ide.mcu.externaltools.gnu-tools-for-stm32.9-2020-q2-update.win32_2.0.0.202105311346/tools/bin/../lib/gcc/arm-none-eabi/9.3.1/../../../../arm-none-eabi/lib/thumb/v7e-m+fp/hard\libnosys.a
END GROUP
LOAD c:/st/stm32cubeide_1.7.0/stm32cubeide/plugins/com.st.stm32cube.ide.mcu.externaltools.gnu-tools-for-stm32.9-2020-q2-update.win32_2.0.0.202105311346/tools/bin/../lib/gcc/arm-none-eabi/9.3.1/thumb/v7e-m+fp/hard/crtend.o
LOAD c:/st/stm32cubeide_1.7.0/stm32cubeide/plugins/com.st.stm32cube.ide.mcu.externaltools.gnu-tools-for-stm32.9-2020-q2-update.win32_2.0.0.202105311346/tools/bin/../lib/gcc/arm-none-eabi/9.3.1/thumb/v7e-m+fp/hard/crtn.o
                0x0000000020020000                _estack = (ORIGIN (RAM) + LENGTH (RAM))
                0x0000000000000200                _Min_Heap_Size = 0x200
                0x0000000000000400                _Min_Stack_Size = 0x400

.isr_vector     0x0000000008000000      0x188
                0x0000000008000000                . = ALIGN (0x4)
 *(.isr_vector)
 .isr_vector    0x0000000008000000      0x188 ./Core/Startup/startup_stm32f407zgtx.o
                0x0000000008000000                g_pfnVectors
                0x0000000008000188                . = ALIGN (0x4)

.text           0x0000000008000188     0x2a98
                0x0000000008000188                . = ALIGN (0x4)
 *(.text)
 .text          0x0000000008000188       0x40 c:/st/stm32cubeide_1.7.0/stm32cubeide/plugins/com.st.stm32cube.ide.mcu.externaltools.gnu-tools-for-stm32.9-2020-q2-update.win32_2.0.0.202105311346/tools/bin/../lib/gcc/arm-none-eabi/9.3.1/thumb/v7e-m+fp/hard/crtbegin.o
 .text          0x00000000080001c8       0x30 c:/st/stm32cubeide_1.7.0/stm32cubeide/plugins/com.st.stm32cube.ide.mcu.externaltools.gnu-tools-for-stm32.9-2020-q2-update.win32_2.0.0.202105311346/tools/bin/../lib/gcc/arm-none-eabi/9.3.1/thumb/v7e-m+fp/hard\libgcc.a(_aeabi_uldivmod.o)
                0x00000000080001c8                __aeabi_uldivmod
 .text          0x00000000080001f8      0x2c4 c:/st/stm32cubeide_1.7.0/stm32cubeide/plugins/com.st.stm32cube.ide.mcu.externaltools.gnu-tools-for-stm32.9-2020-q2-update.win32_2.0.0.202105311346/tools/bin/../lib/gcc/arm-none-eabi/9.3.1/thumb/v7e-m+fp/hard\libgcc.a(_udivmoddi4.o)
                0x00000000080001f8                __udivmoddi4
 .text          0x00000000080004bc        0x4 c:/st/stm32cubeide_1.7.0/stm32cubeide/plugins/com.st.stm32cube.ide.mcu.externaltools.gnu-tools-for-stm32.9-2020-q2-update.win32_2.0.0.202105311346/tools/bin/../lib/gcc/arm-none-eabi/9.3.1/thumb/v7e-m+fp/hard\libgcc.a(_dvmd_tls.o)
                0x00000000080004bc                __aeabi_idiv0
                0x00000000080004bc                __aeabi_ldiv0
 *(.text*)
 .text.led7_init
                0x00000000080004c0       0x18 ./Core/Src/led_7seg.o
                0x00000000080004c0                led7_init
 .text.led7_Scan
                0x00000000080004d8      0x118 ./Core/Src/led_7seg.o
                0x00000000080004d8                led7_Scan
 .text.led7_SetDigit
                0x00000000080005f0       0x48 ./Core/Src/led_7seg.o
                0x00000000080005f0                led7_SetDigit
 .text.led7_SetColon
                0x0000000008000638       0x40 ./Core/Src/led_7seg.o
                0x0000000008000638                led7_SetColon
 .text.main     0x0000000008000678      0x190 ./Core/Src/main.o
                0x0000000008000678                main
 .text.SystemClock_Config
                0x0000000008000808       0xd4 ./Core/Src/main.o
                0x0000000008000808                SystemClock_Config
 .text.MX_SPI1_Init
                0x00000000080008dc       0x6c ./Core/Src/main.o
 .text.MX_TIM2_Init
                0x0000000008000948       0x98 ./Core/Src/main.o
 .text.MX_GPIO_Init
                0x00000000080009e0      0x19c ./Core/Src/main.o
 .text.system_init
                0x0000000008000b7c       0x34 ./Core/Src/main.o
                0x0000000008000b7c                system_init
 .text.test_7seg
                0x0000000008000bb0       0x30 ./Core/Src/main.o
                0x0000000008000bb0                test_7seg
 .text.Error_Handler
                0x0000000008000be0        0xa ./Core/Src/main.o
                0x0000000008000be0                Error_Handler
 *fill*         0x0000000008000bea        0x2 
 .text.timer_init
                0x0000000008000bec       0x14 ./Core/Src/software_timer.o
                0x0000000008000bec                timer_init
 .text.setTimer2
                0x0000000008000c00       0x38 ./Core/Src/software_timer.o
                0x0000000008000c00                setTimer2
 .text.HAL_TIM_PeriodElapsedCallback
                0x0000000008000c38       0x54 ./Core/Src/software_timer.o
                0x0000000008000c38                HAL_TIM_PeriodElapsedCallback
 .text.HAL_MspInit
                0x0000000008000c8c       0x50 ./Core/Src/stm32f4xx_hal_msp.o
                0x0000000008000c8c                HAL_MspInit
 .text.HAL_SPI_MspInit
                0x0000000008000cdc       0x90 ./Core/Src/stm32f4xx_hal_msp.o
                0x0000000008000cdc                HAL_SPI_MspInit
 .text.HAL_TIM_Base_MspInit
                0x0000000008000d6c       0x4c ./Core/Src/stm32f4xx_hal_msp.o
                0x0000000008000d6c                HAL_TIM_Base_MspInit
 .text.NMI_Handler
                0x0000000008000db8        0x6 ./Core/Src/stm32f4xx_it.o
                0x0000000008000db8                NMI_Handler
 .text.HardFault_Handler
                0x0000000008000dbe        0x6 ./Core/Src/stm32f4xx_it.o
                0x0000000008000dbe                HardFault_Handler
 .text.MemManage_Handler
                0x0000000008000dc4        0x6 ./Core/Src/stm32f4xx_it.o
                0x0000000008000dc4                MemManage_Handler
 .text.BusFault_Handler
                0x0000000008000dca        0x6 ./Core/Src/stm32f4xx_it.o
                0x0000000008000dca                BusFault_Handler
 .text.UsageFault_Handler
                0x0000000008000dd0        0x6 ./Core/Src/stm32f4xx_it.o
                0x0000000008000dd0                UsageFault_Handler
 .text.SVC_Handler
                0x0000000008000dd6        0xe ./Core/Src/stm32f4xx_it.o
                0x0000000008000dd6                SVC_Handler
 .text.DebugMon_Handler
                0x0000000008000de4        0xe ./Core/Src/stm32f4xx_it.o
                0x0000000008000de4                DebugMon_Handler
 .text.PendSV_Handler
                0x0000000008000df2        0xe ./Core/Src/stm32f4xx_it.o
                0x0000000008000df2                PendSV_Handler
 .text.SysTick_Handler
                0x0000000008000e00        0xc ./Core/Src/stm32f4xx_it.o
                0x0000000008000e00                SysTick_Handler
 .text.TIM2_IRQHandler
                0x0000000008000e0c       0x14 ./Core/Src/stm32f4xx_it.o
                0x0000000008000e0c                TIM2_IRQHandler
 .text.SystemInit
                0x0000000008000e20       0x24 ./Core/Src/system_stm32f4xx.o
                0x0000000008000e20                SystemInit
 .text.Reset_Handler
                0x0000000008000e44       0x50 ./Core/Startup/startup_stm32f407zgtx.o
                0x0000000008000e44                Reset_Handler
 .text.Default_Handler
                0x0000000008000e94        0x2 ./Core/Startup/startup_stm32f407zgtx.o
                0x0000000008000e94                RTC_Alarm_IRQHandler
                0x0000000008000e94                HASH_RNG_IRQHandler
                0x0000000008000e94                EXTI2_IRQHandler
                0x0000000008000e94                TIM8_CC_IRQHandler
                0x0000000008000e94                TIM1_CC_IRQHandler
                0x0000000008000e94                DMA2_Stream5_IRQHandler
                0x0000000008000e94                DMA1_Stream5_IRQHandler
                0x0000000008000e94                PVD_IRQHandler
                0x0000000008000e94                SDIO_IRQHandler
                0x0000000008000e94                TAMP_STAMP_IRQHandler
                0x0000000008000e94                CAN2_RX1_IRQHandler
                0x0000000008000e94                EXTI3_IRQHandler
                0x0000000008000e94                TIM8_TRG_COM_TIM14_IRQHandler
                0x0000000008000e94                TIM1_UP_TIM10_IRQHandler
                0x0000000008000e94                TIM8_UP_TIM13_IRQHandler
                0x0000000008000e94                I2C3_ER_IRQHandler
                0x0000000008000e94                EXTI0_IRQHandler
                0x0000000008000e94                I2C2_EV_IRQHandler
                0x0000000008000e94                DMA1_Stream2_IRQHandler
                0x0000000008000e94                CAN1_RX0_IRQHandler
                0x0000000008000e94                FPU_IRQHandler
                0x0000000008000e94                OTG_HS_WKUP_IRQHandler
                0x0000000008000e94                CAN2_SCE_IRQHandler
                0x0000000008000e94                DMA2_Stream2_IRQHandler
                0x0000000008000e94                SPI1_IRQHandler
                0x0000000008000e94                TIM6_DAC_IRQHandler
                0x0000000008000e94                TIM1_BRK_TIM9_IRQHandler
                0x0000000008000e94                DCMI_IRQHandler
                0x0000000008000e94                CAN2_RX0_IRQHandler
                0x0000000008000e94                DMA2_Stream3_IRQHandler
                0x0000000008000e94                USART6_IRQHandler
                0x0000000008000e94                USART3_IRQHandler
                0x0000000008000e94                CAN1_RX1_IRQHandler
                0x0000000008000e94                UART5_IRQHandler
                0x0000000008000e94                DMA2_Stream0_IRQHandler
                0x0000000008000e94                TIM4_IRQHandler
                0x0000000008000e94                I2C1_EV_IRQHandler
                0x0000000008000e94                DMA1_Stream6_IRQHandler
                0x0000000008000e94                DMA1_Stream1_IRQHandler
                0x0000000008000e94                UART4_IRQHandler
                0x0000000008000e94                TIM3_IRQHandler
                0x0000000008000e94                RCC_IRQHandler
                0x0000000008000e94                TIM8_BRK_TIM12_IRQHandler
                0x0000000008000e94                Default_Handler
                0x0000000008000e94                EXTI15_10_IRQHandler
                0x0000000008000e94                ADC_IRQHandler
                0x0000000008000e94                DMA1_Stream7_IRQHandler
                0x0000000008000e94                TIM7_IRQHandler
                0x0000000008000e94                CAN2_TX_IRQHandler
                0x0000000008000e94                TIM5_IRQHandler
                0x0000000008000e94                DMA2_Stream7_IRQHandler
                0x0000000008000e94                I2C3_EV_IRQHandler
                0x0000000008000e94                EXTI9_5_IRQHandler
                0x0000000008000e94                RTC_WKUP_IRQHandler
                0x0000000008000e94                ETH_WKUP_IRQHandler
                0x0000000008000e94                SPI2_IRQHandler
                0x0000000008000e94                OTG_HS_EP1_IN_IRQHandler
                0x0000000008000e94                DMA1_Stream0_IRQHandler
                0x0000000008000e94                CAN1_TX_IRQHandler
                0x0000000008000e94                EXTI4_IRQHandler
                0x0000000008000e94                FSMC_IRQHandler
                0x0000000008000e94                ETH_IRQHandler
                0x0000000008000e94                OTG_HS_EP1_OUT_IRQHandler
                0x0000000008000e94                WWDG_IRQHandler
                0x0000000008000e94                OTG_FS_WKUP_IRQHandler
                0x0000000008000e94                TIM1_TRG_COM_TIM11_IRQHandler
                0x0000000008000e94                OTG_HS_IRQHandler
                0x0000000008000e94                EXTI1_IRQHandler
                0x0000000008000e94                USART2_IRQHandler
                0x0000000008000e94                I2C2_ER_IRQHandler
                0x0000000008000e94                DMA2_Stream1_IRQHandler
                0x0000000008000e94                CAN1_SCE_IRQHandler
                0x0000000008000e94                FLASH_IRQHandler
                0x0000000008000e94                DMA2_Stream4_IRQHandler
                0x0000000008000e94                USART1_IRQHandler
                0x0000000008000e94                OTG_FS_IRQHandler
                0x0000000008000e94                SPI3_IRQHandler
                0x0000000008000e94                DMA1_Stream4_IRQHandler
                0x0000000008000e94                I2C1_ER_IRQHandler
                0x0000000008000e94                DMA2_Stream6_IRQHandler
                0x0000000008000e94                DMA1_Stream3_IRQHandler
 *fill*         0x0000000008000e96        0x2 
 .text.HAL_Init
                0x0000000008000e98       0x44 ./Drivers/STM32F4xx_HAL_Driver/Src/stm32f4xx_hal.o
                0x0000000008000e98                HAL_Init
 .text.HAL_InitTick
                0x0000000008000edc       0x60 ./Drivers/STM32F4xx_HAL_Driver/Src/stm32f4xx_hal.o
                0x0000000008000edc                HAL_InitTick
 .text.HAL_IncTick
                0x0000000008000f3c       0x28 ./Drivers/STM32F4xx_HAL_Driver/Src/stm32f4xx_hal.o
                0x0000000008000f3c                HAL_IncTick
 .text.HAL_GetTick
                0x0000000008000f64       0x18 ./Drivers/STM32F4xx_HAL_Driver/Src/stm32f4xx_hal.o
                0x0000000008000f64                HAL_GetTick
 .text.__NVIC_SetPriorityGrouping
                0x0000000008000f7c       0x48 ./Drivers/STM32F4xx_HAL_Driver/Src/stm32f4xx_hal_cortex.o
 .text.__NVIC_GetPriorityGrouping
                0x0000000008000fc4       0x1c ./Drivers/STM32F4xx_HAL_Driver/Src/stm32f4xx_hal_cortex.o
 .text.__NVIC_EnableIRQ
                0x0000000008000fe0       0x3c ./Drivers/STM32F4xx_HAL_Driver/Src/stm32f4xx_hal_cortex.o
 .text.__NVIC_SetPriority
                0x000000000800101c       0x54 ./Drivers/STM32F4xx_HAL_Driver/Src/stm32f4xx_hal_cortex.o
 .text.NVIC_EncodePriority
                0x0000000008001070       0x66 ./Drivers/STM32F4xx_HAL_Driver/Src/stm32f4xx_hal_cortex.o
 *fill*         0x00000000080010d6        0x2 
 .text.SysTick_Config
                0x00000000080010d8       0x44 ./Drivers/STM32F4xx_HAL_Driver/Src/stm32f4xx_hal_cortex.o
 .text.HAL_NVIC_SetPriorityGrouping
                0x000000000800111c       0x16 ./Drivers/STM32F4xx_HAL_Driver/Src/stm32f4xx_hal_cortex.o
                0x000000000800111c                HAL_NVIC_SetPriorityGrouping
 .text.HAL_NVIC_SetPriority
                0x0000000008001132       0x38 ./Drivers/STM32F4xx_HAL_Driver/Src/stm32f4xx_hal_cortex.o
                0x0000000008001132                HAL_NVIC_SetPriority
 .text.HAL_NVIC_EnableIRQ
                0x000000000800116a       0x1c ./Drivers/STM32F4xx_HAL_Driver/Src/stm32f4xx_hal_cortex.o
                0x000000000800116a                HAL_NVIC_EnableIRQ
 .text.HAL_SYSTICK_Config
                0x0000000008001186       0x18 ./Drivers/STM32F4xx_HAL_Driver/Src/stm32f4xx_hal_cortex.o
                0x0000000008001186                HAL_SYSTICK_Config
 *fill*         0x000000000800119e        0x2 
 .text.HAL_GPIO_Init
                0x00000000080011a0      0x338 ./Drivers/STM32F4xx_HAL_Driver/Src/stm32f4xx_hal_gpio.o
                0x00000000080011a0                HAL_GPIO_Init
 .text.HAL_GPIO_WritePin
                0x00000000080014d8       0x32 ./Drivers/STM32F4xx_HAL_Driver/Src/stm32f4xx_hal_gpio.o
                0x00000000080014d8                HAL_GPIO_WritePin
 *fill*         0x000000000800150a        0x2 
 .text.HAL_RCC_OscConfig
                0x000000000800150c      0x4f0 ./Drivers/STM32F4xx_HAL_Driver/Src/stm32f4xx_hal_rcc.o
                0x000000000800150c                HAL_RCC_OscConfig
 .text.HAL_RCC_ClockConfig
                0x00000000080019fc      0x1cc ./Drivers/STM32F4xx_HAL_Driver/Src/stm32f4xx_hal_rcc.o
                0x00000000080019fc                HAL_RCC_ClockConfig
 .text.HAL_RCC_GetSysClockFreq
                0x0000000008001bc8      0x1c4 ./Drivers/STM32F4xx_HAL_Driver/Src/stm32f4xx_hal_rcc.o
                0x0000000008001bc8                HAL_RCC_GetSysClockFreq
 .text.HAL_SPI_Init
                0x0000000008001d8c      0x112 ./Drivers/STM32F4xx_HAL_Driver/Src/stm32f4xx_hal_spi.o
                0x0000000008001d8c                HAL_SPI_Init
 .text.HAL_SPI_Transmit
                0x0000000008001e9e      0x278 ./Drivers/STM32F4xx_HAL_Driver/Src/stm32f4xx_hal_spi.o
                0x0000000008001e9e                HAL_SPI_Transmit
 *fill*         0x0000000008002116        0x2 
 .text.SPI_WaitFlagStateUntilTimeout
                0x0000000008002118      0x110 ./Drivers/STM32F4xx_HAL_Driver/Src/stm32f4xx_hal_spi.o
 .text.SPI_EndRxTxTransaction
                0x0000000008002228       0x84 ./Drivers/STM32F4xx_HAL_Driver/Src/stm32f4xx_hal_spi.o
 .text.HAL_TIM_Base_Init
                0x00000000080022ac       0x9e ./Drivers/STM32F4xx_HAL_Driver/Src/stm32f4xx_hal_tim.o
                0x00000000080022ac                HAL_TIM_Base_Init
 *fill*         0x000000000800234a        0x2 
 .text.HAL_TIM_Base_Start_IT
                0x000000000800234c       0xe0 ./Drivers/STM32F4xx_HAL_Driver/Src/stm32f4xx_hal_tim.o
                0x000000000800234c                HAL_TIM_Base_Start_IT
 .text.HAL_TIM_IRQHandler
                0x000000000800242c      0x210 ./Drivers/STM32F4xx_HAL_Driver/Src/stm32f4xx_hal_tim.o
                0x000000000800242c                HAL_TIM_IRQHandler
 .text.HAL_TIM_ConfigClockSource
                0x000000000800263c      0x18e ./Drivers/STM32F4xx_HAL_Driver/Src/stm32f4xx_hal_tim.o
                0x000000000800263c                HAL_TIM_ConfigClockSource
 .text.HAL_TIM_OC_DelayElapsedCallback
                0x00000000080027ca       0x14 ./Drivers/STM32F4xx_HAL_Driver/Src/stm32f4xx_hal_tim.o
                0x00000000080027ca                HAL_TIM_OC_DelayElapsedCallback
 .text.HAL_TIM_IC_CaptureCallback
                0x00000000080027de       0x14 ./Drivers/STM32F4xx_HAL_Driver/Src/stm32f4xx_hal_tim.o
                0x00000000080027de                HAL_TIM_IC_CaptureCallback
 .text.HAL_TIM_PWM_PulseFinishedCallback
                0x00000000080027f2       0x14 ./Drivers/STM32F4xx_HAL_Driver/Src/stm32f4xx_hal_tim.o
                0x00000000080027f2                HAL_TIM_PWM_PulseFinishedCallback
 .text.HAL_TIM_TriggerCallback
                0x0000000008002806       0x14 ./Drivers/STM32F4xx_HAL_Driver/Src/stm32f4xx_hal_tim.o
                0x0000000008002806                HAL_TIM_TriggerCallback
 *fill*         0x000000000800281a        0x2 
 .text.TIM_Base_SetConfig
                0x000000000800281c      0x140 ./Drivers/STM32F4xx_HAL_Driver/Src/stm32f4xx_hal_tim.o
                0x000000000800281c                TIM_Base_SetConfig
 .text.TIM_TI1_ConfigInputStage
                0x000000000800295c       0x5e ./Drivers/STM32F4xx_HAL_Driver/Src/stm32f4xx_hal_tim.o
 .text.TIM_TI2_ConfigInputStage
                0x00000000080029ba       0x60 ./Drivers/STM32F4xx_HAL_Driver/Src/stm32f4xx_hal_tim.o
 .text.TIM_ITRx_SetConfig
                0x0000000008002a1a       0x36 ./Drivers/STM32F4xx_HAL_Driver/Src/stm32f4xx_hal_tim.o
 .text.TIM_ETR_SetConfig
                0x0000000008002a50       0x40 ./Drivers/STM32F4xx_HAL_Driver/Src/stm32f4xx_hal_tim.o
                0x0000000008002a50                TIM_ETR_SetConfig
 .text.HAL_TIMEx_MasterConfigSynchronization
                0x0000000008002a90       0xf8 ./Drivers/STM32F4xx_HAL_Driver/Src/stm32f4xx_hal_tim_ex.o
                0x0000000008002a90                HAL_TIMEx_MasterConfigSynchronization
 .text.HAL_TIMEx_CommutCallback
                0x0000000008002b88       0x14 ./Drivers/STM32F4xx_HAL_Driver/Src/stm32f4xx_hal_tim_ex.o
                0x0000000008002b88                HAL_TIMEx_CommutCallback
 .text.HAL_TIMEx_BreakCallback
                0x0000000008002b9c       0x14 ./Drivers/STM32F4xx_HAL_Driver/Src/stm32f4xx_hal_tim_ex.o
                0x0000000008002b9c                HAL_TIMEx_BreakCallback
 .text.__libc_init_array
                0x0000000008002bb0       0x48 c:/st/stm32cubeide_1.7.0/stm32cubeide/plugins/com.st.stm32cube.ide.mcu.externaltools.gnu-tools-for-stm32.9-2020-q2-update.win32_2.0.0.202105311346/tools/bin/../lib/gcc/arm-none-eabi/9.3.1/../../../../arm-none-eabi/lib/thumb/v7e-m+fp/hard\libc_nano.a(lib_a-init.o)
                0x0000000008002bb0                __libc_init_array
 .text.memset   0x0000000008002bf8       0x10 c:/st/stm32cubeide_1.7.0/stm32cubeide/plugins/com.st.stm32cube.ide.mcu.externaltools.gnu-tools-for-stm32.9-2020-q2-update.win32_2.0.0.202105311346/tools/bin/../lib/gcc/arm-none-eabi/9.3.1/../../../../arm-none-eabi/lib/thumb/v7e-m+fp/hard\libc_nano.a(lib_a-memset.o)
                0x0000000008002bf8                memset
 *(.glue_7)
 .glue_7        0x0000000008002c08        0x0 linker stubs
 *(.glue_7t)
 .glue_7t       0x0000000008002c08        0x0 linker stubs
 *(.eh_frame)
 .eh_frame      0x0000000008002c08        0x0 c:/st/stm32cubeide_1.7.0/stm32cubeide/plugins/com.st.stm32cube.ide.mcu.externaltools.gnu-tools-for-stm32.9-2020-q2-update.win32_2.0.0.202105311346/tools/bin/../lib/gcc/arm-none-eabi/9.3.1/thumb/v7e-m+fp/hard/crtbegin.o
 *(.init)
 .init          0x0000000008002c08        0x4 c:/st/stm32cubeide_1.7.0/stm32cubeide/plugins/com.st.stm32cube.ide.mcu.externaltools.gnu-tools-for-stm32.9-2020-q2-update.win32_2.0.0.202105311346/tools/bin/../lib/gcc/arm-none-eabi/9.3.1/thumb/v7e-m+fp/hard/crti.o
                0x0000000008002c08                _init
 .init          0x0000000008002c0c        0x8 c:/st/stm32cubeide_1.7.0/stm32cubeide/plugins/com.st.stm32cube.ide.mcu.externaltools.gnu-tools-for-stm32.9-2020-q2-update.win32_2.0.0.202105311346/tools/bin/../lib/gcc/arm-none-eabi/9.3.1/thumb/v7e-m+fp/hard/crtn.o
 *(.fini)
 .fini          0x0000000008002c14        0x4 c:/st/stm32cubeide_1.7.0/stm32cubeide/plugins/com.st.stm32cube.ide.mcu.externaltools.gnu-tools-for-stm32.9-2020-q2-update.win32_2.0.0.202105311346/tools/bin/../lib/gcc/arm-none-eabi/9.3.1/thumb/v7e-m+fp/hard/crti.o
                0x0000000008002c14                _fini
 .fini          0x0000000008002c18        0x8 c:/st/stm32cubeide_1.7.0/stm32cubeide/plugins/com.st.stm32cube.ide.mcu.externaltools.gnu-tools-for-stm32.9-2020-q2-update.win32_2.0.0.202105311346/tools/bin/../lib/gcc/arm-none-eabi/9.3.1/thumb/v7e-m+fp/hard/crtn.o
                0x0000000008002c20                . = ALIGN (0x4)
                0x0000000008002c20                _etext = .

.vfp11_veneer   0x0000000008002c20        0x0
 .vfp11_veneer  0x0000000008002c20        0x0 linker stubs

.v4_bx          0x0000000008002c20        0x0
 .v4_bx         0x0000000008002c20        0x0 linker stubs

.iplt           0x0000000008002c20        0x0
 .iplt          0x0000000008002c20        0x0 c:/st/stm32cubeide_1.7.0/stm32cubeide/plugins/com.st.stm32cube.ide.mcu.externaltools.gnu-tools-for-stm32.9-2020-q2-update.win32_2.0.0.202105311346/tools/bin/../lib/gcc/arm-none-eabi/9.3.1/thumb/v7e-m+fp/hard/crtbegin.o

.rodata         0x0000000008002c20       0x10
                0x0000000008002c20                . = ALIGN (0x4)
 *(.rodata)
 *(.rodata*)
 .rodata.AHBPrescTable
                0x0000000008002c20       0x10 ./Core/Src/system_stm32f4xx.o
                0x0000000008002c20                AHBPrescTable
                0x0000000008002c30                . = ALIGN (0x4)

.ARM.extab      0x0000000008002c30        0x0
                0x0000000008002c30                . = ALIGN (0x4)
 *(.ARM.extab* .gnu.linkonce.armextab.*)
                0x0000000008002c30                . = ALIGN (0x4)

.ARM            0x0000000008002c30        0x8
                0x0000000008002c30                . = ALIGN (0x4)
                0x0000000008002c30                __exidx_start = .
 *(.ARM.exidx*)
 .ARM.exidx     0x0000000008002c30        0x8 c:/st/stm32cubeide_1.7.0/stm32cubeide/plugins/com.st.stm32cube.ide.mcu.externaltools.gnu-tools-for-stm32.9-2020-q2-update.win32_2.0.0.202105311346/tools/bin/../lib/gcc/arm-none-eabi/9.3.1/thumb/v7e-m+fp/hard\libgcc.a(_udivmoddi4.o)
                0x0000000008002c38                __exidx_end = .
                0x0000000008002c38                . = ALIGN (0x4)

.rel.dyn        0x0000000008002c38        0x0
 .rel.iplt      0x0000000008002c38        0x0 c:/st/stm32cubeide_1.7.0/stm32cubeide/plugins/com.st.stm32cube.ide.mcu.externaltools.gnu-tools-for-stm32.9-2020-q2-update.win32_2.0.0.202105311346/tools/bin/../lib/gcc/arm-none-eabi/9.3.1/thumb/v7e-m+fp/hard/crtbegin.o

.preinit_array  0x0000000008002c38        0x0
                0x0000000008002c38                . = ALIGN (0x4)
                0x0000000008002c38                PROVIDE (__preinit_array_start = .)
 *(.preinit_array*)
                0x0000000008002c38                PROVIDE (__preinit_array_end = .)
                0x0000000008002c38                . = ALIGN (0x4)

.init_array     0x0000000008002c38        0x4
                0x0000000008002c38                . = ALIGN (0x4)
                0x0000000008002c38                PROVIDE (__init_array_start = .)
 *(SORT_BY_NAME(.init_array.*))
 *(.init_array*)
 .init_array    0x0000000008002c38        0x4 c:/st/stm32cubeide_1.7.0/stm32cubeide/plugins/com.st.stm32cube.ide.mcu.externaltools.gnu-tools-for-stm32.9-2020-q2-update.win32_2.0.0.202105311346/tools/bin/../lib/gcc/arm-none-eabi/9.3.1/thumb/v7e-m+fp/hard/crtbegin.o
                0x0000000008002c3c                PROVIDE (__init_array_end = .)
                0x0000000008002c3c                . = ALIGN (0x4)

.fini_array     0x0000000008002c3c        0x4
                0x0000000008002c3c                . = ALIGN (0x4)
                [!provide]                        PROVIDE (__fini_array_start = .)
 *(SORT_BY_NAME(.fini_array.*))
 *(.fini_array*)
 .fini_array    0x0000000008002c3c        0x4 c:/st/stm32cubeide_1.7.0/stm32cubeide/plugins/com.st.stm32cube.ide.mcu.externaltools.gnu-tools-for-stm32.9-2020-q2-update.win32_2.0.0.202105311346/tools/bin/../lib/gcc/arm-none-eabi/9.3.1/thumb/v7e-m+fp/hard/crtbegin.o
                [!provide]                        PROVIDE (__fini_array_end = .)
                0x0000000008002c40                . = ALIGN (0x4)
                0x0000000008002c40                _sidata = LOADADDR (.data)

.data           0x0000000020000000       0x1c load address 0x0000000008002c40
                0x0000000020000000                . = ALIGN (0x4)
                0x0000000020000000                _sdata = .
 *(.data)
 *(.data*)
 .data.led7seg  0x0000000020000000        0x4 ./Core/Src/led_7seg.o
                0x0000000020000000                led7seg
 .data.arrayOfNum
                0x0000000020000004        0xa ./Core/Src/led_7seg.o
                0x0000000020000004                arrayOfNum
 .data.spi_buffer
                0x000000002000000e        0x2 ./Core/Src/led_7seg.o
                0x000000002000000e                spi_buffer
 .data.SystemCoreClock
                0x0000000020000010        0x4 ./Core/Src/system_stm32f4xx.o
                0x0000000020000010                SystemCoreClock
 .data.uwTickPrio
                0x0000000020000014        0x4 ./Drivers/STM32F4xx_HAL_Driver/Src/stm32f4xx_hal.o
                0x0000000020000014                uwTickPrio
 .data.uwTickFreq
                0x0000000020000018        0x1 ./Drivers/STM32F4xx_HAL_Driver/Src/stm32f4xx_hal.o
                0x0000000020000018                uwTickFreq
 *(.RamFunc)
 *(.RamFunc*)
                0x000000002000001c                . = ALIGN (0x4)
 *fill*         0x0000000020000019        0x3 
                0x000000002000001c                _edata = .
                0x0000000008002c5c                _siccmram = LOADADDR (.ccmram)

.igot.plt       0x000000002000001c        0x0 load address 0x0000000008002c5c
 .igot.plt      0x000000002000001c        0x0 c:/st/stm32cubeide_1.7.0/stm32cubeide/plugins/com.st.stm32cube.ide.mcu.externaltools.gnu-tools-for-stm32.9-2020-q2-update.win32_2.0.0.202105311346/tools/bin/../lib/gcc/arm-none-eabi/9.3.1/thumb/v7e-m+fp/hard/crtbegin.o

.ccmram         0x0000000010000000        0x0 load address 0x0000000008002c5c
                0x0000000010000000                . = ALIGN (0x4)
                0x0000000010000000                _sccmram = .
 *(.ccmram)
 *(.ccmram*)
                0x0000000010000000                . = ALIGN (0x4)
                0x0000000010000000                _eccmram = .
                0x0000000010000000                . = ALIGN (0x4)

.bss            0x000000002000001c       0xc8
                0x000000002000001c                _sbss = .
                0x000000002000001c                __bss_start__ = _sbss
 *(.bss)
 .bss           0x000000002000001c       0x1c c:/st/stm32cubeide_1.7.0/stm32cubeide/plugins/com.st.stm32cube.ide.mcu.externaltools.gnu-tools-for-stm32.9-2020-q2-update.win32_2.0.0.202105311346/tools/bin/../lib/gcc/arm-none-eabi/9.3.1/thumb/v7e-m+fp/hard/crtbegin.o
 *(.bss*)
 .bss.led7_index
                0x0000000020000038        0x2 ./Core/Src/led_7seg.o
                0x0000000020000038                led7_index
 .bss.flag_timer2
                0x000000002000003a        0x2 ./Core/Src/software_timer.o
                0x000000002000003a                flag_timer2
 .bss.timer2_counter
                0x000000002000003c        0x2 ./Core/Src/software_timer.o
                0x000000002000003c                timer2_counter
 .bss.timer2_MUL
                0x000000002000003e        0x2 ./Core/Src/software_timer.o
                0x000000002000003e                timer2_MUL
 *(COMMON)
 COMMON         0x0000000020000040       0xa0 ./Core/Src/main.o
                0x0000000020000040                hspi1
                0x0000000020000098                htim2
 COMMON         0x00000000200000e0        0x4 ./Drivers/STM32F4xx_HAL_Driver/Src/stm32f4xx_hal.o
                0x00000000200000e0                uwTick
                0x00000000200000e4                . = ALIGN (0x4)
                0x00000000200000e4                _ebss = .
                0x00000000200000e4                __bss_end__ = _ebss

._user_heap_stack
                0x00000000200000e4      0x604
                0x00000000200000e8                . = ALIGN (0x8)
 *fill*         0x00000000200000e4        0x4 
                [!provide]                        PROVIDE (end = .)
                0x00000000200000e8                PROVIDE (_end = .)
                0x00000000200002e8                . = (. + _Min_Heap_Size)
 *fill*         0x00000000200000e8      0x200 
                0x00000000200006e8                . = (. + _Min_Stack_Size)
 *fill*         0x00000000200002e8      0x400 
                0x00000000200006e8                . = ALIGN (0x8)

/DISCARD/
 libc.a(*)
 libm.a(*)
 libgcc.a(*)

.ARM.attributes
                0x0000000000000000       0x30
 *(.ARM.attributes)
 .ARM.attributes
                0x0000000000000000       0x1e c:/st/stm32cubeide_1.7.0/stm32cubeide/plugins/com.st.stm32cube.ide.mcu.externaltools.gnu-tools-for-stm32.9-2020-q2-update.win32_2.0.0.202105311346/tools/bin/../lib/gcc/arm-none-eabi/9.3.1/thumb/v7e-m+fp/hard/crti.o
 .ARM.attributes
                0x000000000000001e       0x34 c:/st/stm32cubeide_1.7.0/stm32cubeide/plugins/com.st.stm32cube.ide.mcu.externaltools.gnu-tools-for-stm32.9-2020-q2-update.win32_2.0.0.202105311346/tools/bin/../lib/gcc/arm-none-eabi/9.3.1/thumb/v7e-m+fp/hard/crtbegin.o
 .ARM.attributes
                0x0000000000000052       0x34 ./Core/Src/led_7seg.o
 .ARM.attributes
                0x0000000000000086       0x34 ./Core/Src/main.o
 .ARM.attributes
                0x00000000000000ba       0x34 ./Core/Src/software_timer.o
 .ARM.attributes
                0x00000000000000ee       0x34 ./Core/Src/stm32f4xx_hal_msp.o
 .ARM.attributes
                0x0000000000000122       0x34 ./Core/Src/stm32f4xx_it.o
 .ARM.attributes
                0x0000000000000156       0x34 ./Core/Src/system_stm32f4xx.o
 .ARM.attributes
                0x000000000000018a       0x21 ./Core/Startup/startup_stm32f407zgtx.o
 .ARM.attributes
                0x00000000000001ab       0x34 ./Drivers/STM32F4xx_HAL_Driver/Src/stm32f4xx_hal.o
 .ARM.attributes
                0x00000000000001df       0x34 ./Drivers/STM32F4xx_HAL_Driver/Src/stm32f4xx_hal_cortex.o
 .ARM.attributes
                0x0000000000000213       0x34 ./Drivers/STM32F4xx_HAL_Driver/Src/stm32f4xx_hal_gpio.o
 .ARM.attributes
                0x0000000000000247       0x34 ./Drivers/STM32F4xx_HAL_Driver/Src/stm32f4xx_hal_rcc.o
 .ARM.attributes
                0x000000000000027b       0x34 ./Drivers/STM32F4xx_HAL_Driver/Src/stm32f4xx_hal_spi.o
 .ARM.attributes
                0x00000000000002af       0x34 ./Drivers/STM32F4xx_HAL_Driver/Src/stm32f4xx_hal_tim.o
 .ARM.attributes
                0x00000000000002e3       0x34 ./Drivers/STM32F4xx_HAL_Driver/Src/stm32f4xx_hal_tim_ex.o
 .ARM.attributes
                0x0000000000000317       0x34 c:/st/stm32cubeide_1.7.0/stm32cubeide/plugins/com.st.stm32cube.ide.mcu.externaltools.gnu-tools-for-stm32.9-2020-q2-update.win32_2.0.0.202105311346/tools/bin/../lib/gcc/arm-none-eabi/9.3.1/../../../../arm-none-eabi/lib/thumb/v7e-m+fp/hard\libc_nano.a(lib_a-init.o)
 .ARM.attributes
                0x000000000000034b       0x34 c:/st/stm32cubeide_1.7.0/stm32cubeide/plugins/com.st.stm32cube.ide.mcu.externaltools.gnu-tools-for-stm32.9-2020-q2-update.win32_2.0.0.202105311346/tools/bin/../lib/gcc/arm-none-eabi/9.3.1/../../../../arm-none-eabi/lib/thumb/v7e-m+fp/hard\libc_nano.a(lib_a-memset.o)
 .ARM.attributes
                0x000000000000037f       0x1e c:/st/stm32cubeide_1.7.0/stm32cubeide/plugins/com.st.stm32cube.ide.mcu.externaltools.gnu-tools-for-stm32.9-2020-q2-update.win32_2.0.0.202105311346/tools/bin/../lib/gcc/arm-none-eabi/9.3.1/thumb/v7e-m+fp/hard\libgcc.a(_aeabi_uldivmod.o)
 .ARM.attributes
                0x000000000000039d       0x34 c:/st/stm32cubeide_1.7.0/stm32cubeide/plugins/com.st.stm32cube.ide.mcu.externaltools.gnu-tools-for-stm32.9-2020-q2-update.win32_2.0.0.202105311346/tools/bin/../lib/gcc/arm-none-eabi/9.3.1/thumb/v7e-m+fp/hard\libgcc.a(_udivmoddi4.o)
 .ARM.attributes
                0x00000000000003d1       0x1e c:/st/stm32cubeide_1.7.0/stm32cubeide/plugins/com.st.stm32cube.ide.mcu.externaltools.gnu-tools-for-stm32.9-2020-q2-update.win32_2.0.0.202105311346/tools/bin/../lib/gcc/arm-none-eabi/9.3.1/thumb/v7e-m+fp/hard\libgcc.a(_dvmd_tls.o)
 .ARM.attributes
                0x00000000000003ef       0x1e c:/st/stm32cubeide_1.7.0/stm32cubeide/plugins/com.st.stm32cube.ide.mcu.externaltools.gnu-tools-for-stm32.9-2020-q2-update.win32_2.0.0.202105311346/tools/bin/../lib/gcc/arm-none-eabi/9.3.1/thumb/v7e-m+fp/hard/crtn.o
OUTPUT(lab2_timer.elf elf32-littlearm)
LOAD linker stubs
LOAD c:/st/stm32cubeide_1.7.0/stm32cubeide/plugins/com.st.stm32cube.ide.mcu.externaltools.gnu-tools-for-stm32.9-2020-q2-update.win32_2.0.0.202105311346/tools/bin/../lib/gcc/arm-none-eabi/9.3.1/../../../../arm-none-eabi/lib/thumb/v7e-m+fp/hard\libc.a
LOAD c:/st/stm32cubeide_1.7.0/stm32cubeide/plugins/com.st.stm32cube.ide.mcu.externaltools.gnu-tools-for-stm32.9-2020-q2-update.win32_2.0.0.202105311346/tools/bin/../lib/gcc/arm-none-eabi/9.3.1/../../../../arm-none-eabi/lib/thumb/v7e-m+fp/hard\libm.a
LOAD c:/st/stm32cubeide_1.7.0/stm32cubeide/plugins/com.st.stm32cube.ide.mcu.externaltools.gnu-tools-for-stm32.9-2020-q2-update.win32_2.0.0.202105311346/tools/bin/../lib/gcc/arm-none-eabi/9.3.1/thumb/v7e-m+fp/hard\libgcc.a

.debug_info     0x0000000000000000     0xc438
 .debug_info    0x0000000000000000      0x89c ./Core/Src/led_7seg.o
 .debug_info    0x000000000000089c     0x11b1 ./Core/Src/main.o
 .debug_info    0x0000000000001a4d      0x81f ./Core/Src/software_timer.o
 .debug_info    0x000000000000226c     0x1024 ./Core/Src/stm32f4xx_hal_msp.o
 .debug_info    0x0000000000003290      0x801 ./Core/Src/stm32f4xx_it.o
 .debug_info    0x0000000000003a91      0x5a4 ./Core/Src/system_stm32f4xx.o
 .debug_info    0x0000000000004035       0x22 ./Core/Startup/startup_stm32f407zgtx.o
 .debug_info    0x0000000000004057      0x9b2 ./Drivers/STM32F4xx_HAL_Driver/Src/stm32f4xx_hal.o
 .debug_info    0x0000000000004a09      0xed7 ./Drivers/STM32F4xx_HAL_Driver/Src/stm32f4xx_hal_cortex.o
 .debug_info    0x00000000000058e0      0x83e ./Drivers/STM32F4xx_HAL_Driver/Src/stm32f4xx_hal_gpio.o
 .debug_info    0x000000000000611e      0x996 ./Drivers/STM32F4xx_HAL_Driver/Src/stm32f4xx_hal_rcc.o
 .debug_info    0x0000000000006ab4     0x17c0 ./Drivers/STM32F4xx_HAL_Driver/Src/stm32f4xx_hal_spi.o
 .debug_info    0x0000000000008274     0x2c22 ./Drivers/STM32F4xx_HAL_Driver/Src/stm32f4xx_hal_tim.o
 .debug_info    0x000000000000ae96     0x15a2 ./Drivers/STM32F4xx_HAL_Driver/Src/stm32f4xx_hal_tim_ex.o

.debug_abbrev   0x0000000000000000     0x1b52
 .debug_abbrev  0x0000000000000000      0x1a9 ./Core/Src/led_7seg.o
 .debug_abbrev  0x00000000000001a9      0x26d ./Core/Src/main.o
 .debug_abbrev  0x0000000000000416      0x1e6 ./Core/Src/software_timer.o
 .debug_abbrev  0x00000000000005fc      0x1c8 ./Core/Src/stm32f4xx_hal_msp.o
 .debug_abbrev  0x00000000000007c4      0x176 ./Core/Src/stm32f4xx_it.o
 .debug_abbrev  0x000000000000093a      0x145 ./Core/Src/system_stm32f4xx.o
 .debug_abbrev  0x0000000000000a7f       0x12 ./Core/Startup/startup_stm32f407zgtx.o
 .debug_abbrev  0x0000000000000a91      0x1ed ./Drivers/STM32F4xx_HAL_Driver/Src/stm32f4xx_hal.o
 .debug_abbrev  0x0000000000000c7e      0x33c ./Drivers/STM32F4xx_HAL_Driver/Src/stm32f4xx_hal_cortex.o
 .debug_abbrev  0x0000000000000fba      0x1f1 ./Drivers/STM32F4xx_HAL_Driver/Src/stm32f4xx_hal_gpio.o
 .debug_abbrev  0x00000000000011ab      0x275 ./Drivers/STM32F4xx_HAL_Driver/Src/stm32f4xx_hal_rcc.o
 .debug_abbrev  0x0000000000001420      0x26e ./Drivers/STM32F4xx_HAL_Driver/Src/stm32f4xx_hal_spi.o
 .debug_abbrev  0x000000000000168e      0x25e ./Drivers/STM32F4xx_HAL_Driver/Src/stm32f4xx_hal_tim.o
 .debug_abbrev  0x00000000000018ec      0x266 ./Drivers/STM32F4xx_HAL_Driver/Src/stm32f4xx_hal_tim_ex.o

.debug_aranges  0x0000000000000000      0xbd0
 .debug_aranges
                0x0000000000000000       0x48 ./Core/Src/led_7seg.o
 .debug_aranges
                0x0000000000000048       0x70 ./Core/Src/main.o
 .debug_aranges
                0x00000000000000b8       0x30 ./Core/Src/software_timer.o
 .debug_aranges
                0x00000000000000e8       0x40 ./Core/Src/stm32f4xx_hal_msp.o
 .debug_aranges
                0x0000000000000128       0x68 ./Core/Src/stm32f4xx_it.o
 .debug_aranges
                0x0000000000000190       0x28 ./Core/Src/system_stm32f4xx.o
 .debug_aranges
                0x00000000000001b8       0x28 ./Core/Startup/startup_stm32f407zgtx.o
 .debug_aranges
                0x00000000000001e0       0xf0 ./Drivers/STM32F4xx_HAL_Driver/Src/stm32f4xx_hal.o
 .debug_aranges
                0x00000000000002d0      0x118 ./Drivers/STM32F4xx_HAL_Driver/Src/stm32f4xx_hal_cortex.o
 .debug_aranges
                0x00000000000003e8       0x58 ./Drivers/STM32F4xx_HAL_Driver/Src/stm32f4xx_hal_gpio.o
 .debug_aranges
                0x0000000000000440       0x88 ./Drivers/STM32F4xx_HAL_Driver/Src/stm32f4xx_hal_rcc.o
 .debug_aranges
                0x00000000000004c8      0x1d0 ./Drivers/STM32F4xx_HAL_Driver/Src/stm32f4xx_hal_spi.o
 .debug_aranges
                0x0000000000000698      0x3d0 ./Drivers/STM32F4xx_HAL_Driver/Src/stm32f4xx_hal_tim.o
 .debug_aranges
                0x0000000000000a68      0x168 ./Drivers/STM32F4xx_HAL_Driver/Src/stm32f4xx_hal_tim_ex.o

.debug_ranges   0x0000000000000000      0xaf8
 .debug_ranges  0x0000000000000000       0x38 ./Core/Src/led_7seg.o
 .debug_ranges  0x0000000000000038       0x60 ./Core/Src/main.o
 .debug_ranges  0x0000000000000098       0x20 ./Core/Src/software_timer.o
 .debug_ranges  0x00000000000000b8       0x30 ./Core/Src/stm32f4xx_hal_msp.o
 .debug_ranges  0x00000000000000e8       0x58 ./Core/Src/stm32f4xx_it.o
 .debug_ranges  0x0000000000000140       0x18 ./Core/Src/system_stm32f4xx.o
 .debug_ranges  0x0000000000000158       0x20 ./Core/Startup/startup_stm32f407zgtx.o
 .debug_ranges  0x0000000000000178       0xe0 ./Drivers/STM32F4xx_HAL_Driver/Src/stm32f4xx_hal.o
 .debug_ranges  0x0000000000000258      0x108 ./Drivers/STM32F4xx_HAL_Driver/Src/stm32f4xx_hal_cortex.o
 .debug_ranges  0x0000000000000360       0x48 ./Drivers/STM32F4xx_HAL_Driver/Src/stm32f4xx_hal_gpio.o
 .debug_ranges  0x00000000000003a8       0x78 ./Drivers/STM32F4xx_HAL_Driver/Src/stm32f4xx_hal_rcc.o
 .debug_ranges  0x0000000000000420      0x1c0 ./Drivers/STM32F4xx_HAL_Driver/Src/stm32f4xx_hal_spi.o
 .debug_ranges  0x00000000000005e0      0x3c0 ./Drivers/STM32F4xx_HAL_Driver/Src/stm32f4xx_hal_tim.o
 .debug_ranges  0x00000000000009a0      0x158 ./Drivers/STM32F4xx_HAL_Driver/Src/stm32f4xx_hal_tim_ex.o

.debug_macro    0x0000000000000000    0x2038f
 .debug_macro   0x0000000000000000      0x1f1 ./Core/Src/led_7seg.o
 .debug_macro   0x00000000000001f1      0xaa8 ./Core/Src/led_7seg.o
 .debug_macro   0x0000000000000c99      0x29b ./Core/Src/led_7seg.o
 .debug_macro   0x0000000000000f34       0x2e ./Core/Src/led_7seg.o
 .debug_macro   0x0000000000000f62       0x2f ./Core/Src/led_7seg.o
 .debug_macro   0x0000000000000f91       0x22 ./Core/Src/led_7seg.o
 .debug_macro   0x0000000000000fb3       0x8e ./Core/Src/led_7seg.o
 .debug_macro   0x0000000000001041       0x51 ./Core/Src/led_7seg.o
 .debug_macro   0x0000000000001092      0x103 ./Core/Src/led_7seg.o
 .debug_macro   0x0000000000001195       0x6a ./Core/Src/led_7seg.o
 .debug_macro   0x00000000000011ff      0x1df ./Core/Src/led_7seg.o
 .debug_macro   0x00000000000013de       0x1c ./Core/Src/led_7seg.o
 .debug_macro   0x00000000000013fa       0x22 ./Core/Src/led_7seg.o
 .debug_macro   0x000000000000141c       0xdf ./Core/Src/led_7seg.o
 .debug_macro   0x00000000000014fb     0x102d ./Core/Src/led_7seg.o
 .debug_macro   0x0000000000002528      0x11f ./Core/Src/led_7seg.o
 .debug_macro   0x0000000000002647    0x15e58 ./Core/Src/led_7seg.o
 .debug_macro   0x000000000001849f       0x6d ./Core/Src/led_7seg.o
 .debug_macro   0x000000000001850c     0x3666 ./Core/Src/led_7seg.o
 .debug_macro   0x000000000001bb72      0x174 ./Core/Src/led_7seg.o
 .debug_macro   0x000000000001bce6       0x5c ./Core/Src/led_7seg.o
 .debug_macro   0x000000000001bd42      0x96b ./Core/Src/led_7seg.o
 .debug_macro   0x000000000001c6ad      0x9fe ./Core/Src/led_7seg.o
 .debug_macro   0x000000000001d0ab      0x116 ./Core/Src/led_7seg.o
 .debug_macro   0x000000000001d1c1      0x13e ./Core/Src/led_7seg.o
 .debug_macro   0x000000000001d2ff       0xa5 ./Core/Src/led_7seg.o
 .debug_macro   0x000000000001d3a4      0x174 ./Core/Src/led_7seg.o
 .debug_macro   0x000000000001d518      0x287 ./Core/Src/led_7seg.o
 .debug_macro   0x000000000001d79f       0x5f ./Core/Src/led_7seg.o
 .debug_macro   0x000000000001d7fe      0x236 ./Core/Src/led_7seg.o
 .debug_macro   0x000000000001da34      0x12c ./Core/Src/led_7seg.o
 .debug_macro   0x000000000001db60      0x21e ./Core/Src/led_7seg.o
 .debug_macro   0x000000000001dd7e       0x2e ./Core/Src/led_7seg.o
 .debug_macro   0x000000000001ddac      0x11a ./Core/Src/led_7seg.o
 .debug_macro   0x000000000001dec6       0x7e ./Core/Src/led_7seg.o
 .debug_macro   0x000000000001df44       0x89 ./Core/Src/led_7seg.o
 .debug_macro   0x000000000001dfcd      0x225 ./Core/Src/led_7seg.o
 .debug_macro   0x000000000001e1f2      0x8d1 ./Core/Src/led_7seg.o
 .debug_macro   0x000000000001eac3       0x47 ./Core/Src/led_7seg.o
 .debug_macro   0x000000000001eb0a      0x12d ./Core/Src/led_7seg.o
 .debug_macro   0x000000000001ec37       0x70 ./Core/Src/led_7seg.o
 .debug_macro   0x000000000001eca7      0x21f ./Core/Src/main.o
 .debug_macro   0x000000000001eec6      0x1fb ./Core/Src/software_timer.o
 .debug_macro   0x000000000001f0c1      0x1dd ./Core/Src/stm32f4xx_hal_msp.o
 .debug_macro   0x000000000001f29e      0x1e7 ./Core/Src/stm32f4xx_it.o
 .debug_macro   0x000000000001f485      0x1ce ./Core/Src/system_stm32f4xx.o
 .debug_macro   0x000000000001f653      0x22e ./Drivers/STM32F4xx_HAL_Driver/Src/stm32f4xx_hal.o
 .debug_macro   0x000000000001f881      0x1ce ./Drivers/STM32F4xx_HAL_Driver/Src/stm32f4xx_hal_cortex.o
 .debug_macro   0x000000000001fa4f      0x1d4 ./Drivers/STM32F4xx_HAL_Driver/Src/stm32f4xx_hal_gpio.o
 .debug_macro   0x000000000001fc23      0x1f2 ./Drivers/STM32F4xx_HAL_Driver/Src/stm32f4xx_hal_rcc.o
 .debug_macro   0x000000000001fe15      0x1dd ./Drivers/STM32F4xx_HAL_Driver/Src/stm32f4xx_hal_spi.o
 .debug_macro   0x000000000001fff2      0x1cf ./Drivers/STM32F4xx_HAL_Driver/Src/stm32f4xx_hal_tim.o
 .debug_macro   0x00000000000201c1      0x1ce ./Drivers/STM32F4xx_HAL_Driver/Src/stm32f4xx_hal_tim_ex.o

.debug_line     0x0000000000000000     0xca14
 .debug_line    0x0000000000000000      0x7c1 ./Core/Src/led_7seg.o
 .debug_line    0x00000000000007c1      0x994 ./Core/Src/main.o
 .debug_line    0x0000000000001155      0x72d ./Core/Src/software_timer.o
 .debug_line    0x0000000000001882      0x74e ./Core/Src/stm32f4xx_hal_msp.o
 .debug_line    0x0000000000001fd0      0x7a0 ./Core/Src/stm32f4xx_it.o
 .debug_line    0x0000000000002770      0x747 ./Core/Src/system_stm32f4xx.o
 .debug_line    0x0000000000002eb7       0x88 ./Core/Startup/startup_stm32f407zgtx.o
 .debug_line    0x0000000000002f3f      0x9ad ./Drivers/STM32F4xx_HAL_Driver/Src/stm32f4xx_hal.o
 .debug_line    0x00000000000038ec      0xc5c ./Drivers/STM32F4xx_HAL_Driver/Src/stm32f4xx_hal_cortex.o
 .debug_line    0x0000000000004548      0xb23 ./Drivers/STM32F4xx_HAL_Driver/Src/stm32f4xx_hal_gpio.o
 .debug_line    0x000000000000506b      0xd29 ./Drivers/STM32F4xx_HAL_Driver/Src/stm32f4xx_hal_rcc.o
 .debug_line    0x0000000000005d94     0x1c35 ./Drivers/STM32F4xx_HAL_Driver/Src/stm32f4xx_hal_spi.o
 .debug_line    0x00000000000079c9     0x36a1 ./Drivers/STM32F4xx_HAL_Driver/Src/stm32f4xx_hal_tim.o
 .debug_line    0x000000000000b06a     0x19aa ./Drivers/STM32F4xx_HAL_Driver/Src/stm32f4xx_hal_tim_ex.o

.debug_str      0x0000000000000000    0xc64a2
 .debug_str     0x0000000000000000    0xc3167 ./Core/Src/led_7seg.o
                                      0xc3454 (size before relaxing)
 .debug_str     0x00000000000c3167      0x6a3 ./Core/Src/main.o
                                      0xc3ae1 (size before relaxing)
 .debug_str     0x00000000000c380a       0x88 ./Core/Src/software_timer.o
                                      0xc3522 (size before relaxing)
 .debug_str     0x00000000000c3892      0x55a ./Core/Src/stm32f4xx_hal_msp.o
                                      0xc3d1a (size before relaxing)
 .debug_str     0x00000000000c3dec       0xcd ./Core/Src/stm32f4xx_it.o
                                      0xc351b (size before relaxing)
 .debug_str     0x00000000000c3eb9       0xaf ./Core/Src/system_stm32f4xx.o
                                      0xc2f09 (size before relaxing)
 .debug_str     0x00000000000c3f68       0x36 ./Core/Startup/startup_stm32f407zgtx.o
                                         0x73 (size before relaxing)
 .debug_str     0x00000000000c3f9e      0x583 ./Drivers/STM32F4xx_HAL_Driver/Src/stm32f4xx_hal.o
                                      0xc39eb (size before relaxing)
 .debug_str     0x00000000000c4521      0x399 ./Drivers/STM32F4xx_HAL_Driver/Src/stm32f4xx_hal_cortex.o
                                      0xc37da (size before relaxing)
 .debug_str     0x00000000000c48ba      0x15f ./Drivers/STM32F4xx_HAL_Driver/Src/stm32f4xx_hal_gpio.o
                                      0xc30b0 (size before relaxing)
 .debug_str     0x00000000000c4a19      0x259 ./Drivers/STM32F4xx_HAL_Driver/Src/stm32f4xx_hal_rcc.o
                                      0xc330b (size before relaxing)
 .debug_str     0x00000000000c4c72      0x57a ./Drivers/STM32F4xx_HAL_Driver/Src/stm32f4xx_hal_spi.o
                                      0xc37ad (size before relaxing)
 .debug_str     0x00000000000c51ec      0xdc8 ./Drivers/STM32F4xx_HAL_Driver/Src/stm32f4xx_hal_tim.o
                                      0xc4238 (size before relaxing)
 .debug_str     0x00000000000c5fb4      0x4ee ./Drivers/STM32F4xx_HAL_Driver/Src/stm32f4xx_hal_tim_ex.o
                                      0xc39e9 (size before relaxing)

.comment        0x0000000000000000       0x53
 .comment       0x0000000000000000       0x53 ./Core/Src/led_7seg.o
                                         0x54 (size before relaxing)
 .comment       0x0000000000000053       0x54 ./Core/Src/main.o
 .comment       0x0000000000000053       0x54 ./Core/Src/software_timer.o
 .comment       0x0000000000000053       0x54 ./Core/Src/stm32f4xx_hal_msp.o
 .comment       0x0000000000000053       0x54 ./Core/Src/stm32f4xx_it.o
 .comment       0x0000000000000053       0x54 ./Core/Src/system_stm32f4xx.o
 .comment       0x0000000000000053       0x54 ./Drivers/STM32F4xx_HAL_Driver/Src/stm32f4xx_hal.o
 .comment       0x0000000000000053       0x54 ./Drivers/STM32F4xx_HAL_Driver/Src/stm32f4xx_hal_cortex.o
 .comment       0x0000000000000053       0x54 ./Drivers/STM32F4xx_HAL_Driver/Src/stm32f4xx_hal_gpio.o
 .comment       0x0000000000000053       0x54 ./Drivers/STM32F4xx_HAL_Driver/Src/stm32f4xx_hal_rcc.o
 .comment       0x0000000000000053       0x54 ./Drivers/STM32F4xx_HAL_Driver/Src/stm32f4xx_hal_spi.o
 .comment       0x0000000000000053       0x54 ./Drivers/STM32F4xx_HAL_Driver/Src/stm32f4xx_hal_tim.o
 .comment       0x0000000000000053       0x54 ./Drivers/STM32F4xx_HAL_Driver/Src/stm32f4xx_hal_tim_ex.o

.debug_frame    0x0000000000000000     0x3110
 .debug_frame   0x0000000000000000       0xe8 ./Core/Src/led_7seg.o
 .debug_frame   0x00000000000000e8      0x15c ./Core/Src/main.o
 .debug_frame   0x0000000000000244       0x78 ./Core/Src/software_timer.o
 .debug_frame   0x00000000000002bc       0xc8 ./Core/Src/stm32f4xx_hal_msp.o
 .debug_frame   0x0000000000000384      0x120 ./Core/Src/stm32f4xx_it.o
 .debug_frame   0x00000000000004a4       0x58 ./Core/Src/system_stm32f4xx.o
 .debug_frame   0x00000000000004fc      0x374 ./Drivers/STM32F4xx_HAL_Driver/Src/stm32f4xx_hal.o
 .debug_frame   0x0000000000000870      0x498 ./Drivers/STM32F4xx_HAL_Driver/Src/stm32f4xx_hal_cortex.o
 .debug_frame   0x0000000000000d08      0x14c ./Drivers/STM32F4xx_HAL_Driver/Src/stm32f4xx_hal_gpio.o
 .debug_frame   0x0000000000000e54      0x1f0 ./Drivers/STM32F4xx_HAL_Driver/Src/stm32f4xx_hal_rcc.o
 .debug_frame   0x0000000000001044      0x824 ./Drivers/STM32F4xx_HAL_Driver/Src/stm32f4xx_hal_spi.o
 .debug_frame   0x0000000000001868     0x11c4 ./Drivers/STM32F4xx_HAL_Driver/Src/stm32f4xx_hal_tim.o
 .debug_frame   0x0000000000002a2c      0x638 ./Drivers/STM32F4xx_HAL_Driver/Src/stm32f4xx_hal_tim_ex.o
 .debug_frame   0x0000000000003064       0x2c c:/st/stm32cubeide_1.7.0/stm32cubeide/plugins/com.st.stm32cube.ide.mcu.externaltools.gnu-tools-for-stm32.9-2020-q2-update.win32_2.0.0.202105311346/tools/bin/../lib/gcc/arm-none-eabi/9.3.1/../../../../arm-none-eabi/lib/thumb/v7e-m+fp/hard\libc_nano.a(lib_a-init.o)
 .debug_frame   0x0000000000003090       0x20 c:/st/stm32cubeide_1.7.0/stm32cubeide/plugins/com.st.stm32cube.ide.mcu.externaltools.gnu-tools-for-stm32.9-2020-q2-update.win32_2.0.0.202105311346/tools/bin/../lib/gcc/arm-none-eabi/9.3.1/../../../../arm-none-eabi/lib/thumb/v7e-m+fp/hard\libc_nano.a(lib_a-memset.o)
 .debug_frame   0x00000000000030b0       0x2c c:/st/stm32cubeide_1.7.0/stm32cubeide/plugins/com.st.stm32cube.ide.mcu.externaltools.gnu-tools-for-stm32.9-2020-q2-update.win32_2.0.0.202105311346/tools/bin/../lib/gcc/arm-none-eabi/9.3.1/thumb/v7e-m+fp/hard\libgcc.a(_aeabi_uldivmod.o)
 .debug_frame   0x00000000000030dc       0x34 c:/st/stm32cubeide_1.7.0/stm32cubeide/plugins/com.st.stm32cube.ide.mcu.externaltools.gnu-tools-for-stm32.9-2020-q2-update.win32_2.0.0.202105311346/tools/bin/../lib/gcc/arm-none-eabi/9.3.1/thumb/v7e-m+fp/hard\libgcc.a(_udivmoddi4.o)
